# Wed Sep 23 18:58:18 2026
# From GliderDos: Exit command
f_ocean_pressure_min(volts) 0.112326
m_avg_climb_rate(m/s) -0.198434
m_avg_speed(m/s) 0.040366
m_avg_upward_inflection_time(sec) 139.704929
m_battery(volts) 16.432676
m_coulomb_amphr_total(amp-hrs) 17.101215
m_iridium_call_num(nodim) 704.000000
m_iridium_dialed_num(nodim) 1274.000000
m_lat(lat) 4048.510900
m_lon(lon) -12409.862200
m_pump_effective_num_cycles(nodim) 534.000000
m_tot_ballast_pumped_energy(kjoules) 0.000000
m_tot_horz_dist(km) 669.457407
m_tot_num_inflections(nodim) 1063.000000
m_tot_num_thermal_valve_cmd(nodim) 2938.000000
m_weight_drop(bool) 0.000000
s_water_depth_avg(m) 400.000000
s_water_depth_delta(m) 0.000000
s_water_depth_wavelength(m) 100.000000
x_hover_ballast_deep(cc) 0.000000
x_hover_ballast_shallow(cc) 0.000000
x_hover_depth_deep(m) 0.000000
x_hover_depth_shallow(m) 0.000000
x_last_wpt_lat(lat) 3254.065600
x_last_wpt_lon(lon) -11724.477900
