2026-09-02T20:41:54  mission_end: amlr05-2026-244-5-0 (0072.0000) 1k_n.mi
2026-09-02T20:32:06   mission_surface: (0072.0000): pitch not commanded
2026-09-02T20:30:11  mission_start: amlr05-2026-244-5-0 (0072.0000) 1k_n.mi
2026-09-02T20:23:59  mission_end: amlr05-2026-244-4-0 (0071.0000) ini0.mi
2026-09-02T20:23:39   mission_surface: (0071.0000): nothing commanded
2026-09-02T20:19:27  mission_start: amlr05-2026-244-4-0 (0071.0000) ini0.mi
2026-09-02T20:09:31  mission_end: amlr05-2026-244-3-0 (0070.0000) 1k_n.mi
2026-09-02T20:01:38   mission_surface: (0070.0000): pitch not commanded
2026-09-02T20:00:13  mission_start: amlr05-2026-244-3-0 (0070.0000) 1k_n.mi
2026-09-02T19:57:00  mission_end: amlr05-2026-244-2-0 (0069.0000) ini0.mi
2026-09-02T19:56:16   mission_surface: (0069.0000): nothing commanded
2026-09-02T19:46:51  mission_start: amlr05-2026-244-2-0 (0069.0000) ini0.mi
2026-09-02T19:46:29  mission_end: amlr05-2026-244-1-0 (0068.0000) status.mi
2026-09-02T19:45:54   mission_surface: (0068.0000): immediately requested
2026-09-02T19:45:53  mission_start: amlr05-2026-244-1-0 (0068.0000) status.mi
2026-09-02T19:27:50 APP_start 311349.080000, 
2026-09-02T19:27:42 APP_end 311349.080000, 
2026-09-02T19:21:32  mission_end: amlr05-2026-244-0-0 (0067.0000) status.mi
2026-09-02T19:20:49   mission_surface: (0067.0000): immediately requested
2026-09-02T19:20:47  mission_start: amlr05-2026-244-0-0 (0067.0000) status.mi
2026-09-02T19:19:49 APP_start 311349.080000, 
2026-09-02T15:34:58 APP_end 311349.080000, 
2026-09-02T14:55:54 APP_start 311349.080000, 
2026-09-01T23:41:48 APP_end 311349.080000, 
2026-09-01T23:19:29 APP_start 311349.080000, 
2026-09-01T22:34:54 APP_end 311349.080000, 
2026-09-01T21:45:46 APP_start 311349.080000, 
2026-09-01T21:45:39 APP_end 311349.080000, 
2026-09-01T21:44:09 APP_start 311349.080000, 
2026-09-01T19:23:32 APP_end 311349.080000, 
2026-09-01T19:05:31  mission_end: amlr05-2026-243-6-1 (0066.0001) 1k_n.mi
2026-09-01T19:04:03   mission_surface: (0066.0001): pitch not commanded
2026-09-01T18:39:15   mission_surface: (0066.0000): pitch not commanded
2026-09-01T18:26:25  mission_start: amlr05-2026-243-6-0 (0066.0000) 1k_n.mi
2026-09-01T18:10:39  mission_end: amlr05-2026-243-5-0 (0065.0000) 1k_n.mi
2026-09-01T18:08:19   mission_surface: (0065.0000): pitch not commanded
2026-09-01T17:55:42  mission_start: amlr05-2026-243-5-0 (0065.0000) 1k_n.mi
2026-09-01T17:53:04  mission_end: amlr05-2026-243-4-0 (0064.0000) 1k_n.mi
2026-09-01T17:52:00   mission_surface: (0064.0000): pitch not commanded
2026-09-01T17:40:23  mission_start: amlr05-2026-243-4-0 (0064.0000) 1k_n.mi
2026-09-01T17:37:04 APP_start 311349.080000, 
2026-09-01T17:32:39 APP_end 311349.080000, 
2026-09-01T15:56:41  mission_end: amlr05-2026-243-3-0 (0063.0000) 1k_n.mi
2026-09-01T15:53:10  abort_start: MS_ABORT_USER_INTERRUPT
2026-09-01T15:49:54  mission_start: amlr05-2026-243-3-0 (0063.0000) 1k_n.mi
2026-09-01T15:47:09  mission_end: amlr05-2026-243-2-0 (0062.0000) 1k_n.mi
2026-09-01T15:46:01   mission_surface: (0062.0000): pitch not commanded
2026-09-01T15:34:36  mission_start: amlr05-2026-243-2-0 (0062.0000) 1k_n.mi
2026-09-01T15:30:43  mission_end: amlr05-2026-243-1-0 (0061.0000) 1k_n.mi
2026-09-01T15:29:57  abort_start: MS_ABORT_USER_INTERRUPT
2026-09-01T15:29:37  mission_start: amlr05-2026-243-1-0 (0061.0000) 1k_n.mi
2026-09-01T15:26:12  mission_end: amlr05-2026-243-0-0 (0060.0000) 1k_n.mi
2026-09-01T15:22:08  abort_start: MS_ABORT_USER_INTERRUPT
2026-09-01T15:22:03  mission_start: amlr05-2026-243-0-0 (0060.0000) 1k_n.mi
2026-09-01T15:06:51 APP_start 311349.080000, 
2026-08-31T22:57:58 APP_end 311349.080000, 
2026-08-31T22:48:29  mission_end: amlr05-2026-242-7-1 (0059.0001) 1k_n.mi
2026-08-31T22:47:58  abort_start: MS_ABORT_USER_INTERRUPT
2026-08-31T22:05:54   mission_surface: (0059.0000): pitch not commanded
2026-08-31T21:22:53  mission_start: amlr05-2026-242-7-0 (0059.0000) 1k_n.mi
2026-08-31T21:20:47  mission_end: amlr05-2026-242-6-0 (0058.0000) 1k_n.mi
2026-08-31T21:18:31  abort_start: MS_ABORT_USER_INTERRUPT
2026-08-31T21:17:07  mission_start: amlr05-2026-242-6-0 (0058.0000) 1k_n.mi
2026-08-31T21:12:21  mission_end: amlr05-2026-242-5-0 (0057.0000) 1k_n.mi
2026-08-31T21:10:20   mission_surface: (0057.0000): pitch not commanded
2026-08-31T20:30:04  mission_start: amlr05-2026-242-5-0 (0057.0000) 1k_n.mi
2026-08-31T20:23:29  mission_end: amlr05-2026-242-4-0 (0056.0000) lastgasp.mi
2026-08-31T20:21:25   mission_surface: (0056.0000): Hit a waypoint
2026-08-31T20:21:18  mission_start: amlr05-2026-242-4-0 (0056.0000) lastgasp.mi
2026-08-31T20:02:33  mission_end: amlr05-2026-242-3-0 (0055.0000) 1k_n.mi
2026-08-31T19:55:00   mission_surface: (0055.0000): pitch not commanded
2026-08-31T19:18:12  mission_start: amlr05-2026-242-3-0 (0055.0000) 1k_n.mi
2026-08-31T19:15:14  mission_end: amlr05-2026-242-2-0 (0054.0000) 1k_n.mi
2026-08-31T19:14:58  abort_start: MS_ABORT_WPT_TOOFAR
2026-08-31T19:14:54  mission_start: amlr05-2026-242-2-0 (0054.0000) 1k_n.mi
2026-08-31T19:13:26 APP_start 311349.080000, 
2026-08-31T19:13:18 APP_end 311349.080000, 
2026-08-31T18:53:27 APP_start 311349.080000, 
2026-08-31T18:53:20 APP_end 311349.080000, 
2026-08-31T18:50:27  mission_end: amlr05-2026-242-1-0 (0053.0000) initial.mi
2026-08-31T18:50:23  abort_start: MS_ABORT_USER_INTERRUPT
2026-08-31T18:50:15  mission_start: amlr05-2026-242-1-0 (0053.0000) initial.mi
2026-08-31T18:49:51 APP_start 311349.080000, 
2026-08-31T18:49:38  mission_start: amlr05-2026-242-0-0 (0052.0000) initial.mi
2026-08-31T18:49:10 APP_start 311349.080000, 
2026-08-31T18:20:00 APP_start 311349.080000, 
2026-08-27T23:31:37 APP_end 311349.080000, 
2026-08-27T22:47:10 APP_start 311349.080000, 
2026-08-27T22:01:45 APP_end 311349.100000, 
2026-08-27T21:28:00 APP_start 311349.100000, 
2026-07-13T14:37:22 APP_end 311349.100000, 
